<?xml version="1.0" ?>
<!-- DOCTYPE U2XMAP SYSTEM "U2XMAP.DTD" -->
<U2XMAP version="1.0" Name="XCUSTOMER.map" DTD="CUSTOMER.dtd" RootElement="ROOT">
	<OPTIONS>
	</OPTIONS>

	<!-- Table/Class map CUSTOMER_CUSTOMER -->
	<TABLECLASSMAP MapName="CUSTOMER_CUSTOMER" StartNode="/ROOT/CUSTOMER" TableName="CUSTOMER">
		<ColumnMap Node="#-INVOICE-SETS_MV,#-INVOICE-SETS_MS,@#-INVOICE-SETS" Column="#-INVOICE-SETS"/>
		<ColumnMap Node="#INV-COPIES_MV,#INV-COPIES_MS,@#INV-COPIES" Column="#INV-COPIES"/>
		<ColumnMap Node="1_MV,1_MS,@1" Column="1"/>
		<ColumnMap Node="1-1_MV,1-1_MS,@1-1" Column="1-1"/>
		<ColumnMap Node="10_MV,10_MS,@10" Column="10"/>
		<ColumnMap Node="11_MV,11_MS,@11" Column="11"/>
		<ColumnMap Node="12_MV,12_MS,@12" Column="12"/>
		<ColumnMap Node="13_MV,13_MS,@13" Column="13"/>
		<ColumnMap Node="14_MV,14_MS,@14" Column="14"/>
		<ColumnMap Node="15_MV,15_MS,@15" Column="15"/>
		<ColumnMap Node="15-1_MV,15-1_MS,@15-1" Column="15-1"/>
		<ColumnMap Node="15_1_MV,15_1_MS,@15_1" Column="15_1"/>
		<ColumnMap Node="16_MV,16_MS,@16" Column="16"/>
		<ColumnMap Node="16-1_MV,16-1_MS,@16-1" Column="16-1"/>
		<ColumnMap Node="16_1_MV,16_1_MS,@16_1" Column="16_1"/>
		<ColumnMap Node="17_MV,17_MS,@17" Column="17"/>
		<ColumnMap Node="17-1_MV,17-1_MS,@17-1" Column="17-1"/>
		<ColumnMap Node="17_1_MV,17_1_MS,@17_1" Column="17_1"/>
		<ColumnMap Node="18_MV,18_MS,@18" Column="18"/>
		<ColumnMap Node="18-1_MV,18-1_MS,@18-1" Column="18-1"/>
		<ColumnMap Node="18_1_MV,18_1_MS,@18_1" Column="18_1"/>
		<ColumnMap Node="19_MV,19_MS,@19" Column="19"/>
		<ColumnMap Node="1_1_MV,1_1_MS,@1_1" Column="1_1"/>
		<ColumnMap Node="2_MV,2_MS,@2" Column="2"/>
		<ColumnMap Node="2-1_MV,2-1_MS,@2-1" Column="2-1"/>
		<ColumnMap Node="20_MV,20_MS,@20" Column="20"/>
		<ColumnMap Node="21_MV,21_MS,@21" Column="21"/>
		<ColumnMap Node="22_MV,22_MS,@22" Column="22"/>
		<ColumnMap Node="23_MV,23_MS,@23" Column="23"/>
		<ColumnMap Node="24_MV,24_MS,@24" Column="24"/>
		<ColumnMap Node="25_MV,25_MS,@25" Column="25"/>
		<ColumnMap Node="26_MV,26_MS,@26" Column="26"/>
		<ColumnMap Node="27_MV,27_MS,@27" Column="27"/>
		<ColumnMap Node="28_MV,28_MS,@28" Column="28"/>
		<ColumnMap Node="29_MV,29_MS,@29" Column="29"/>
		<ColumnMap Node="2_1_MV,2_1_MS,@2_1" Column="2_1"/>
		<ColumnMap Node="3_MV,3_MS,@3" Column="3"/>
		<ColumnMap Node="3-1_MV,3-1_MS,@3-1" Column="3-1"/>
		<ColumnMap Node="30_MV,30_MS,@30" Column="30"/>
		<ColumnMap Node="31_MV,31_MS,@31" Column="31"/>
		<ColumnMap Node="32_MV,32_MS,@32" Column="32"/>
		<ColumnMap Node="33_MV,33_MS,@33" Column="33"/>
		<ColumnMap Node="34_MV,34_MS,@34" Column="34"/>
		<ColumnMap Node="35_MV,35_MS,@35" Column="35"/>
		<ColumnMap Node="36_MV,36_MS,@36" Column="36"/>
		<ColumnMap Node="37_MV,37_MS,@37" Column="37"/>
		<ColumnMap Node="38_MV,38_MS,@38" Column="38"/>
		<ColumnMap Node="39_MV,39_MS,@39" Column="39"/>
		<ColumnMap Node="3_1_MV,3_1_MS,@3_1" Column="3_1"/>
		<ColumnMap Node="4_MV,4_MS,@4" Column="4"/>
		<ColumnMap Node="4-1_MV,4-1_MS,@4-1" Column="4-1"/>
		<ColumnMap Node="40_MV,40_MS,@40" Column="40"/>
		<ColumnMap Node="41_MV,41_MS,@41" Column="41"/>
		<ColumnMap Node="42_MV,42_MS,@42" Column="42"/>
		<ColumnMap Node="43_MV,43_MS,@43" Column="43"/>
		<ColumnMap Node="44_MV,44_MS,@44" Column="44"/>
		<ColumnMap Node="45_MV,45_MS,@45" Column="45"/>
		<ColumnMap Node="46_MV,46_MS,@46" Column="46"/>
		<ColumnMap Node="47_MV,47_MS,@47" Column="47"/>
		<ColumnMap Node="48_MV,48_MS,@48" Column="48"/>
		<ColumnMap Node="49_MV,49_MS,@49" Column="49"/>
		<ColumnMap Node="4_1_MV,4_1_MS,@4_1" Column="4_1"/>
		<ColumnMap Node="5_MV,5_MS,@5" Column="5"/>
		<ColumnMap Node="5-1_MV,5-1_MS,@5-1" Column="5-1"/>
		<ColumnMap Node="50_MV,50_MS,@50" Column="50"/>
		<ColumnMap Node="5_1_MV,5_1_MS,@5_1" Column="5_1"/>
		<ColumnMap Node="6_MV,6_MS,@6" Column="6"/>
		<ColumnMap Node="6-1_MV,6-1_MS,@6-1" Column="6-1"/>
		<ColumnMap Node="6_1_MV,6_1_MS,@6_1" Column="6_1"/>
		<ColumnMap Node="7_MV,7_MS,@7" Column="7"/>
		<ColumnMap Node="8_MV,8_MS,@8" Column="8"/>
		<ColumnMap Node="8-1_MV,8-1_MS,@8-1" Column="8-1"/>
		<ColumnMap Node="8_1_MV,8_1_MS,@8_1" Column="8_1"/>
		<ColumnMap Node="9_MV,9_MS,@9" Column="9"/>
		<ColumnMap Node="@_ID" Column="@ID"/>
		<ColumnMap Node="A/R-BAL_MV,A/R-BAL_MS,@A/R-BAL" Column="A/R-BAL"/>
		<ColumnMap Node="A/R-DETAIL?_MV,A/R-DETAIL?_MS,@A/R-DETAIL?" Column="A/R-DETAIL?"/>
		<ColumnMap Node="A/R.DETAIL_MV,A/R.DETAIL_MS,@A/R.DETAIL" Column="A/R.DETAIL"/>
		<ColumnMap Node="AAFES-CUSTOMER_MV,AAFES-CUSTOMER_MS,@AAFES-CUSTOMER" Column="AAFES-CUSTOMER"/>
		<ColumnMap Node="AAFES?_MV,AAFES?_MS,@AAFES?" Column="AAFES?"/>
		<ColumnMap Node="AAFES_CUSTOMER_MV,AAFES_CUSTOMER_MS,@AAFES_CUSTOMER" Column="AAFES_CUSTOMER"/>
		<ColumnMap Node="ADD1_MV,ADD1_MS,@ADD1" Column="ADD1"/>
		<ColumnMap Node="ADD2_MV,ADD2_MS,@ADD2" Column="ADD2"/>
		<ColumnMap Node="ADD3_MV,ADD3_MS,@ADD3" Column="ADD3"/>
		<ColumnMap Node="ADDR-1_MV,ADDR-1_MS,@ADDR-1" Column="ADDR-1"/>
		<ColumnMap Node="ADDR-2_MV,ADDR-2_MS,@ADDR-2" Column="ADDR-2"/>
		<ColumnMap Node="ADDR-3_MV,ADDR-3_MS,@ADDR-3" Column="ADDR-3"/>
		<ColumnMap Node="ADDR-4_MV,ADDR-4_MS,@ADDR-4" Column="ADDR-4"/>
		<ColumnMap Node="ADDRESS_MV,ADDRESS_MS,@ADDRESS" Column="ADDRESS"/>
		<ColumnMap Node="ADDRESS-1_MV,ADDRESS-1_MS,@ADDRESS-1" Column="ADDRESS-1"/>
		<ColumnMap Node="ADDRESS-2_MV,ADDRESS-2_MS,@ADDRESS-2" Column="ADDRESS-2"/>
		<ColumnMap Node="ADDRESS-3_MV,ADDRESS-3_MS,@ADDRESS-3" Column="ADDRESS-3"/>
		<ColumnMap Node="ADDRESS-4_MV,ADDRESS-4_MS,@ADDRESS-4" Column="ADDRESS-4"/>
		<ColumnMap Node="ADDRESS_1_MV,ADDRESS_1_MS,@ADDRESS_1" Column="ADDRESS_1"/>
		<ColumnMap Node="ADDRESS_2_MV,ADDRESS_2_MS,@ADDRESS_2" Column="ADDRESS_2"/>
		<ColumnMap Node="ADDRESS_3_MV,ADDRESS_3_MS,@ADDRESS_3" Column="ADDRESS_3"/>
		<ColumnMap Node="ADDRESS_4_MV,ADDRESS_4_MS,@ADDRESS_4" Column="ADDRESS_4"/>
		<ColumnMap Node="ADDR_1_MV,ADDR_1_MS,@ADDR_1" Column="ADDR_1"/>
		<ColumnMap Node="ADDR_2_MV,ADDR_2_MS,@ADDR_2" Column="ADDR_2"/>
		<ColumnMap Node="ADDR_3_MV,ADDR_3_MS,@ADDR_3" Column="ADDR_3"/>
		<ColumnMap Node="ADDR_4_MV,ADDR_4_MS,@ADDR_4" Column="ADDR_4"/>
		<ColumnMap Node="ALLOWANCE_MV,ALLOWANCE_MS,@ALLOWANCE" Column="ALLOWANCE"/>
		<ColumnMap Node="ARB_MV,ARB_MS,@ARB" Column="ARB"/>
		<ColumnMap Node="A_R.DETAIL_MV,A_R.DETAIL_MS,@A_R.DETAIL" Column="A_R.DETAIL"/>
		<ColumnMap Node="A_R_BAL_MV,A_R_BAL_MS,@A_R_BAL" Column="A_R_BAL"/>
		<ColumnMap Node="A_R_DETAIL?_MV,A_R_DETAIL?_MS,@A_R_DETAIL?" Column="A_R_DETAIL?"/>
		<ColumnMap Node="BACKORDER?_MV,BACKORDER?_MS,@BACKORDER?" Column="BACKORDER?"/>
		<ColumnMap Node="BAL-FWD_MV,BAL-FWD_MS,@BAL-FWD" Column="BAL-FWD"/>
		<ColumnMap Node="BAL_FWD_MV,BAL_FWD_MS,@BAL_FWD" Column="BAL_FWD"/>
		<ColumnMap Node="CLASS_MV,CLASS_MS,@CLASS" Column="CLASS"/>
		<ColumnMap Node="CLIENT_MV,CLIENT_MS,@CLIENT" Column="CLIENT"/>
		<ColumnMap Node="CONTACT_MV,CONTACT_MS,@CONTACT" Column="CONTACT"/>
		<ColumnMap Node="COPIES_MV,COPIES_MS,@COPIES" Column="COPIES"/>
		<ColumnMap Node="CR-LIM_MV,CR-LIM_MS,@CR-LIM" Column="CR-LIM"/>
		<ColumnMap Node="CREDIT-CODE_MV,CREDIT-CODE_MS,@CREDIT-CODE" Column="CREDIT-CODE"/>
		<ColumnMap Node="CREDIT-LIMIT_MV,CREDIT-LIMIT_MS,@CREDIT-LIMIT" Column="CREDIT-LIMIT"/>
		<ColumnMap Node="CREDIT_CODE_MV,CREDIT_CODE_MS,@CREDIT_CODE" Column="CREDIT_CODE"/>
		<ColumnMap Node="CREDIT_LIMIT_MV,CREDIT_LIMIT_MS,@CREDIT_LIMIT" Column="CREDIT_LIMIT"/>
		<ColumnMap Node="CR_LIM_MV,CR_LIM_MS,@CR_LIM" Column="CR_LIM"/>
		<ColumnMap Node="CUST-NAME_MV,CUST-NAME_MS,@CUST-NAME" Column="CUST-NAME"/>
		<ColumnMap Node="CUST.ACCT_MV,CUST.ACCT_MS,@CUST.ACCT" Column="CUST.ACCT"/>
		<ColumnMap Node="CUST.ADDR1_MV,CUST.ADDR1_MS,@CUST.ADDR1" Column="CUST.ADDR1"/>
		<ColumnMap Node="CUST.ADDR2_MV,CUST.ADDR2_MS,@CUST.ADDR2" Column="CUST.ADDR2"/>
		<ColumnMap Node="CUST.ADDR3_MV,CUST.ADDR3_MS,@CUST.ADDR3" Column="CUST.ADDR3"/>
		<ColumnMap Node="CUST.ADDR4_MV,CUST.ADDR4_MS,@CUST.ADDR4" Column="CUST.ADDR4"/>
		<ColumnMap Node="CUST.ALLOWANCE_MV,CUST.ALLOWANCE_MS,@CUST.ALLOWANCE" Column="CUST.ALLOWANCE"/>
		<ColumnMap Node="CUST.AR.BAL_MV,CUST.AR.BAL_MS,@CUST.AR.BAL" Column="CUST.AR.BAL"/>
		<ColumnMap Node="CUST.BACKORDER_MV,CUST.BACKORDER_MS,@CUST.BACKORDER" Column="CUST.BACKORDER"/>
		<ColumnMap Node="CUST.BAL.FWD_MV,CUST.BAL.FWD_MS,@CUST.BAL.FWD" Column="CUST.BAL.FWD"/>
		<ColumnMap Node="CUST.CONTACT_MV,CUST.CONTACT_MS,@CUST.CONTACT" Column="CUST.CONTACT"/>
		<ColumnMap Node="CUST.CR.LIMIT_MV,CUST.CR.LIMIT_MS,@CUST.CR.LIMIT" Column="CUST.CR.LIMIT"/>
		<ColumnMap Node="CUST.CREDIT_MV,CUST.CREDIT_MS,@CUST.CREDIT" Column="CUST.CREDIT"/>
		<ColumnMap Node="@CUST.CURR.CODE" Column="CUST.CURR.CODE"/>
		<ColumnMap Node="CUST.DET.AR_MV,CUST.DET.AR_MS,@CUST.DET.AR" Column="CUST.DET.AR"/>
		<ColumnMap Node="@CUST.EMAIL" Column="CUST.EMAIL"/>
		<ColumnMap Node="@CUST.EMAIL.ADDR" Column="CUST.EMAIL.ADDR"/>
		<ColumnMap Node="CUST.EXEMPT_MV,CUST.EXEMPT_MS,@CUST.EXEMPT" Column="CUST.EXEMPT"/>
		<ColumnMap Node="CUST.INT.INST_MV,CUST.INT.INST_MS,@CUST.INT.INST" Column="CUST.INT.INST"/>
		<ColumnMap Node="CUST.INV.SETS_MV,CUST.INV.SETS_MS,@CUST.INV.SETS" Column="CUST.INV.SETS"/>
		<ColumnMap Node="CUST.INVOICE_MV,CUST.INVOICE_MS,@CUST.INVOICE" Column="CUST.INVOICE"/>
		<ColumnMap Node="CUST.LAST.PMT_MV,CUST.LAST.PMT_MS,@CUST.LAST.PMT" Column="CUST.LAST.PMT"/>
		<ColumnMap Node="CUST.LAST.SALE_MV,CUST.LAST.SALE_MS,@CUST.LAST.SALE" Column="CUST.LAST.SALE"/>
		<ColumnMap Node="CUST.MTD.FRT_MV,CUST.MTD.FRT_MS,@CUST.MTD.FRT" Column="CUST.MTD.FRT"/>
		<ColumnMap Node="CUST.MTD.GP_MV,CUST.MTD.GP_MS,@CUST.MTD.GP" Column="CUST.MTD.GP"/>
		<ColumnMap Node="CUST.MTD.LA.YR_MV,CUST.MTD.LA.YR_MS,@CUST.MTD.LA.YR" Column="CUST.MTD.LA.YR"/>
		<ColumnMap Node="CUST.MTD.RET_MV,CUST.MTD.RET_MS,@CUST.MTD.RET" Column="CUST.MTD.RET"/>
		<ColumnMap Node="CUST.MTD.SALES_MV,CUST.MTD.SALES_MS,@CUST.MTD.SALES" Column="CUST.MTD.SALES"/>
		<ColumnMap Node="CUST.NAME_MV,CUST.NAME_MS,@CUST.NAME" Column="CUST.NAME"/>
		<ColumnMap Node="CUST.ORD.BAL_MV,CUST.ORD.BAL_MS,@CUST.ORD.BAL" Column="CUST.ORD.BAL"/>
		<ColumnMap Node="CUST.ORDER_MV,CUST.ORDER_MS,@CUST.ORDER" Column="CUST.ORDER"/>
		<ColumnMap Node="CUST.PHONE_MV,CUST.PHONE_MS,@CUST.PHONE" Column="CUST.PHONE"/>
		<ColumnMap Node="CUST.PRICE.CODE_MV,CUST.PRICE.CODE_MS,@CUST.PRICE.CODE" Column="CUST.PRICE.CODE"/>
		<ColumnMap Node="CUST.PRICE.GRP_MV,CUST.PRICE.GRP_MS,@CUST.PRICE.GRP" Column="CUST.PRICE.GRP"/>
		<ColumnMap Node="CUST.PS.CODE_MV,CUST.PS.CODE_MS,@CUST.PS.CODE" Column="CUST.PS.CODE"/>
		<ColumnMap Node="CUST.SALES.FLG_MV,CUST.SALES.FLG_MS,@CUST.SALES.FLG" Column="CUST.SALES.FLG"/>
		<ColumnMap Node="CUST.SALESMAN_MV,CUST.SALESMAN_MS,@CUST.SALESMAN" Column="CUST.SALESMAN"/>
		<ColumnMap Node="CUST.SERV.CHG_MV,CUST.SERV.CHG_MS,@CUST.SERV.CHG" Column="CUST.SERV.CHG"/>
		<ColumnMap Node="CUST.SHIP.TO_MV,CUST.SHIP.TO_MS,@CUST.SHIP.TO" Column="CUST.SHIP.TO"/>
		<ColumnMap Node="CUST.SHIP.VIA_MV,CUST.SHIP.VIA_MS,@CUST.SHIP.VIA" Column="CUST.SHIP.VIA"/>
		<ColumnMap Node="CUST.START.DATE_MV,CUST.START.DATE_MS,@CUST.START.DATE" Column="CUST.START.DATE"/>
		<ColumnMap Node="CUST.STMT.CODE_MV,CUST.STMT.CODE_MS,@CUST.STMT.CODE" Column="CUST.STMT.CODE"/>
		<ColumnMap Node="CUST.SUBSTITUTE_MV,CUST.SUBSTITUTE_MS,@CUST.SUBSTITUTE" Column="CUST.SUBSTITUTE"/>
		<ColumnMap Node="CUST.TAX.JUR_MV,CUST.TAX.JUR_MS,@CUST.TAX.JUR" Column="CUST.TAX.JUR"/>
		<ColumnMap Node="CUST.TAXABLE_MV,CUST.TAXABLE_MS,@CUST.TAXABLE" Column="CUST.TAXABLE"/>
		<ColumnMap Node="CUST.TERMS_MV,CUST.TERMS_MS,@CUST.TERMS" Column="CUST.TERMS"/>
		<ColumnMap Node="CUST.TYPE_MV,CUST.TYPE_MS,@CUST.TYPE" Column="CUST.TYPE"/>
		<ColumnMap Node="CUST.WAREHOUSE_MV,CUST.WAREHOUSE_MS,@CUST.WAREHOUSE" Column="CUST.WAREHOUSE"/>
		<ColumnMap Node="CUST.YTD.FRT_MV,CUST.YTD.FRT_MS,@CUST.YTD.FRT" Column="CUST.YTD.FRT"/>
		<ColumnMap Node="CUST.YTD.GP_MV,CUST.YTD.GP_MS,@CUST.YTD.GP" Column="CUST.YTD.GP"/>
		<ColumnMap Node="CUST.YTD.LA.YR_MV,CUST.YTD.LA.YR_MS,@CUST.YTD.LA.YR" Column="CUST.YTD.LA.YR"/>
		<ColumnMap Node="CUST.YTD.RET_MV,CUST.YTD.RET_MS,@CUST.YTD.RET" Column="CUST.YTD.RET"/>
		<ColumnMap Node="CUST.YTD.SALES_MV,CUST.YTD.SALES_MS,@CUST.YTD.SALES" Column="CUST.YTD.SALES"/>
		<ColumnMap Node="CUST.ZIP_MV,CUST.ZIP_MS,@CUST.ZIP" Column="CUST.ZIP"/>
		<ColumnMap Node="CUSTOMER-NAME_MV,CUSTOMER-NAME_MS,@CUSTOMER-NAME" Column="CUSTOMER-NAME"/>
		<ColumnMap Node="CUSTOMER_NAME_MV,CUSTOMER_NAME_MS,@CUSTOMER_NAME" Column="CUSTOMER_NAME"/>
		<ColumnMap Node="CUST_ACCT_MV,CUST_ACCT_MS,@CUST_ACCT" Column="CUST_ACCT"/>
		<ColumnMap Node="CUST_ADDL_ADDR1_MV,CUST_ADDL_ADDR1_MS,@CUST_ADDL_ADDR1" Column="CUST_ADDL_ADDR1"/>
		<ColumnMap Node="CUST_ADDL_ADDR2_MV,CUST_ADDL_ADDR2_MS,@CUST_ADDL_ADDR2" Column="CUST_ADDL_ADDR2"/>
		<ColumnMap Node="CUST_ADDL_ADDR3_MV,CUST_ADDL_ADDR3_MS,@CUST_ADDL_ADDR3" Column="CUST_ADDL_ADDR3"/>
		<ColumnMap Node="CUST_ADDL_ADDR4_MV,CUST_ADDL_ADDR4_MS,@CUST_ADDL_ADDR4" Column="CUST_ADDL_ADDR4"/>
		<ColumnMap Node="CUST_ADDL_OPS_MV,CUST_ADDL_OPS_MS,@CUST_ADDL_OPS" Column="CUST_ADDL_OPS"/>
		<ColumnMap Node="CUST_ADDL_ZIP_MV,CUST_ADDL_ZIP_MS,@CUST_ADDL_ZIP" Column="CUST_ADDL_ZIP"/>
		<ColumnMap Node="CUST_ADDR1_MV,CUST_ADDR1_MS,@CUST_ADDR1" Column="CUST_ADDR1"/>
		<ColumnMap Node="CUST_ADDR2_MV,CUST_ADDR2_MS,@CUST_ADDR2" Column="CUST_ADDR2"/>
		<ColumnMap Node="CUST_ADDR3_MV,CUST_ADDR3_MS,@CUST_ADDR3" Column="CUST_ADDR3"/>
		<ColumnMap Node="CUST_ADDR4_MV,CUST_ADDR4_MS,@CUST_ADDR4" Column="CUST_ADDR4"/>
		<ColumnMap Node="CUST_AR_BAL_MV,CUST_AR_BAL_MS,@CUST_AR_BAL" Column="CUST_AR_BAL"/>
		<ColumnMap Node="@CUST_ATTENTION" Column="CUST_ATTENTION"/>
		<ColumnMap Node="CUST_AVG_BY_SEL_MV,CUST_AVG_BY_SEL_MS,@CUST_AVG_BY_SEL" Column="CUST_AVG_BY_SEL"/>
		<ColumnMap Node="CUST_COMMENT_MV,CUST_COMMENT_MS,@CUST_COMMENT" Column="CUST_COMMENT"/>
		<ColumnMap Node="CUST_COMMISSION_MV,CUST_COMMISSION_MS,@CUST_COMMISSION" Column="CUST_COMMISSION"/>
		<ColumnMap Node="CUST_CONTACT_MV,CUST_CONTACT_MS,@CUST_CONTACT" Column="CUST_CONTACT"/>
		<ColumnMap Node="CUST_CONTACT_CD_MV,CUST_CONTACT_CD_MS,@CUST_CONTACT_CD" Column="CUST_CONTACT_CD"/>
		<ColumnMap Node="CUST_COORDINATOR_MV,CUST_COORDINATOR_MS,@CUST_COORDINATOR" Column="CUST_COORDINATOR"/>
		<ColumnMap Node="CUST_COST_PER_MV,CUST_COST_PER_MS,@CUST_COST_PER" Column="CUST_COST_PER"/>
		<ColumnMap Node="CUST_CREDIT_MV,CUST_CREDIT_MS,@CUST_CREDIT" Column="CUST_CREDIT"/>
		<ColumnMap Node="@CUST_CREDIT_DESC" Column="CUST_CREDIT_DESC"/>
		<ColumnMap Node="CUST_CR_LIMIT_MV,CUST_CR_LIMIT_MS,@CUST_CR_LIMIT" Column="CUST_CR_LIMIT"/>
		<ColumnMap Node="CUST_CSR_CODE_MV,CUST_CSR_CODE_MS,@CUST_CSR_CODE" Column="CUST_CSR_CODE"/>
		<ColumnMap Node="@CUST_CURR_CODE" Column="CUST_CURR_CODE"/>
		<ColumnMap Node="@CUST_DAYS_TO_PAY" Column="CUST_DAYS_TO_PAY"/>
		<ColumnMap Node="CUST_DET_AR_MV,CUST_DET_AR_MS,@CUST_DET_AR" Column="CUST_DET_AR"/>
		<ColumnMap Node="CUST_DISC_PER_MV,CUST_DISC_PER_MS,@CUST_DISC_PER" Column="CUST_DISC_PER"/>
		<ColumnMap Node="@CUST_DIV" Column="CUST_DIV"/>
		<ColumnMap Node="CUST_DTP_PER_MV,CUST_DTP_PER_MS,@CUST_DTP_PER" Column="CUST_DTP_PER"/>
		<ColumnMap Node="@CUST_EMAIL_ADDR" Column="CUST_EMAIL_ADDR"/>
		<ColumnMap Node="CUST_EST_MARKUP_MV,CUST_EST_MARKUP_MS,@CUST_EST_MARKUP" Column="CUST_EST_MARKUP"/>
		<ColumnMap Node="CUST_EXEMPT_MV,CUST_EXEMPT_MS,@CUST_EXEMPT" Column="CUST_EXEMPT"/>
		<ColumnMap Node="@CUST_EXMT_DATE" Column="CUST_EXMT_DATE"/>
		<ColumnMap Node="CUST_G_L_FLAG_MV,CUST_G_L_FLAG_MS,@CUST_G_L_FLAG" Column="CUST_G_L_FLAG"/>
		<ColumnMap Node="CUST_HIGH_BAL_MV,CUST_HIGH_BAL_MS,@CUST_HIGH_BAL" Column="CUST_HIGH_BAL"/>
		<ColumnMap Node="CUST_HIGH_BAL_DATE_MV,CUST_HIGH_BAL_DATE_MS,@CUST_HIGH_BAL_DATE" Column="CUST_HIGH_BAL_DATE"/>
		<ColumnMap Node="CUST_INT_INST_MV,CUST_INT_INST_MS,@CUST_INT_INST" Column="CUST_INT_INST"/>
		<ColumnMap Node="CUST_INVOICE_MV,CUST_INVOICE_MS,@CUST_INVOICE" Column="CUST_INVOICE"/>
		<ColumnMap Node="CUST_INVOICE_CNT_MV,CUST_INVOICE_CNT_MS,@CUST_INVOICE_CNT" Column="CUST_INVOICE_CNT"/>
		<ColumnMap Node="@CUST_INV_CREDIT" Column="CUST_INV_CREDIT"/>
		<ColumnMap Node="CUST_INV_PER_MV,CUST_INV_PER_MS,@CUST_INV_PER" Column="CUST_INV_PER"/>
		<ColumnMap Node="CUST_IVC_CODE_MV,CUST_IVC_CODE_MS,@CUST_IVC_CODE" Column="CUST_IVC_CODE"/>
		<ColumnMap Node="CUST_JOB_MV,CUST_JOB_MS,@CUST_JOB" Column="CUST_JOB"/>
		<ColumnMap Node="CUST_JOB_BAL_MV,CUST_JOB_BAL_MS,@CUST_JOB_BAL" Column="CUST_JOB_BAL"/>
		<ColumnMap Node="CUST_LAST_PMT_MV,CUST_LAST_PMT_MS,@CUST_LAST_PMT" Column="CUST_LAST_PMT"/>
		<ColumnMap Node="CUST_LAST_SALE_MV,CUST_LAST_SALE_MS,@CUST_LAST_SALE" Column="CUST_LAST_SALE"/>
		<ColumnMap Node="CUST_LA_YR_DTP_MV,CUST_LA_YR_DTP_MS,@CUST_LA_YR_DTP" Column="CUST_LA_YR_DTP"/>
		<ColumnMap Node="CUST_LA_YR_INV_CNT_MV,CUST_LA_YR_INV_CNT_MS,@CUST_LA_YR_INV_CNT" Column="CUST_LA_YR_INV_CNT"/>
		<ColumnMap Node="@CUST_MTYPE" Column="CUST_MTYPE"/>
		<ColumnMap Node="CUST_NAME_MV,CUST_NAME_MS,@CUST_NAME" Column="CUST_NAME"/>
		<ColumnMap Node="CUST_ORD_BAL_MV,CUST_ORD_BAL_MS,@CUST_ORD_BAL" Column="CUST_ORD_BAL"/>
		<ColumnMap Node="CUST_ORD_NUM_MV,CUST_ORD_NUM_MS,@CUST_ORD_NUM" Column="CUST_ORD_NUM"/>
		<ColumnMap Node="CUST_OVERRUN_MV,CUST_OVERRUN_MS,@CUST_OVERRUN" Column="CUST_OVERRUN"/>
		<ColumnMap Node="CUST_PHONE_MV,CUST_PHONE_MS,@CUST_PHONE" Column="CUST_PHONE"/>
		<ColumnMap Node="CUST_PRICE_CODE_MV,CUST_PRICE_CODE_MS,@CUST_PRICE_CODE" Column="CUST_PRICE_CODE"/>
		<ColumnMap Node="CUST_SALES_MV,CUST_SALES_MS,@CUST_SALES" Column="CUST_SALES"/>
		<ColumnMap Node="CUST_SALESMAN_MV,CUST_SALESMAN_MS,@CUST_SALESMAN" Column="CUST_SALESMAN"/>
		<ColumnMap Node="CUST_SALES_PER_MV,CUST_SALES_PER_MS,@CUST_SALES_PER" Column="CUST_SALES_PER"/>
		<ColumnMap Node="CUST_SERV_CHG_MV,CUST_SERV_CHG_MS,@CUST_SERV_CHG" Column="CUST_SERV_CHG"/>
		<ColumnMap Node="CUST_SHIP_TO_MV,CUST_SHIP_TO_MS,@CUST_SHIP_TO" Column="CUST_SHIP_TO"/>
		<ColumnMap Node="CUST_SHIP_VIA_MV,CUST_SHIP_VIA_MS,@CUST_SHIP_VIA" Column="CUST_SHIP_VIA"/>
		<ColumnMap Node="@CUST_SORT_NAME" Column="CUST_SORT_NAME"/>
		<ColumnMap Node="CUST_START_DATE_MV,CUST_START_DATE_MS,@CUST_START_DATE" Column="CUST_START_DATE"/>
		<ColumnMap Node="CUST_STMT_CODE_MV,CUST_STMT_CODE_MS,@CUST_STMT_CODE" Column="CUST_STMT_CODE"/>
		<ColumnMap Node="@CUST_STMT_SEND_FLAG" Column="CUST_STMT_SEND_FLAG"/>
		<ColumnMap Node="CUST_TAXABLE_MV,CUST_TAXABLE_MS,@CUST_TAXABLE" Column="CUST_TAXABLE"/>
		<ColumnMap Node="CUST_TAX_JUR_MV,CUST_TAX_JUR_MS,@CUST_TAX_JUR" Column="CUST_TAX_JUR"/>
		<ColumnMap Node="CUST_TERMS_MV,CUST_TERMS_MS,@CUST_TERMS" Column="CUST_TERMS"/>
		<ColumnMap Node="@CUST_TOT_AMT" Column="CUST_TOT_AMT"/>
		<ColumnMap Node="CUST_TYPE_MV,CUST_TYPE_MS,@CUST_TYPE" Column="CUST_TYPE"/>
		<ColumnMap Node="CUST_ZIP_MV,CUST_ZIP_MS,@CUST_ZIP" Column="CUST_ZIP"/>
		<ColumnMap Node="DAYS.TO.PAY_MV,DAYS.TO.PAY_MS,@DAYS.TO.PAY" Column="DAYS.TO.PAY"/>
		<ColumnMap Node="DEFAULT-INSTR_MV,DEFAULT-INSTR_MS,@DEFAULT-INSTR" Column="DEFAULT-INSTR"/>
		<ColumnMap Node="DEFAULT-VIA_MV,DEFAULT-VIA_MS,@DEFAULT-VIA" Column="DEFAULT-VIA"/>
		<ColumnMap Node="DEFAULT_INSTR_MV,DEFAULT_INSTR_MS,@DEFAULT_INSTR" Column="DEFAULT_INSTR"/>
		<ColumnMap Node="DEFAULT_VIA_MV,DEFAULT_VIA_MS,@DEFAULT_VIA" Column="DEFAULT_VIA"/>
		<ColumnMap Node="DETAIL-A/R?_MV,DETAIL-A/R?_MS,@DETAIL-A/R?" Column="DETAIL-A/R?"/>
		<ColumnMap Node="DETAIL-ORDER?_MV,DETAIL-ORDER?_MS,@DETAIL-ORDER?" Column="DETAIL-ORDER?"/>
		<ColumnMap Node="DETAIL_A_R?_MV,DETAIL_A_R?_MS,@DETAIL_A_R?" Column="DETAIL_A_R?"/>
		<ColumnMap Node="DETAIL_ORDER?_MV,DETAIL_ORDER?_MS,@DETAIL_ORDER?" Column="DETAIL_ORDER?"/>
		<ColumnMap Node="DISC-GRP_MV,DISC-GRP_MS,@DISC-GRP" Column="DISC-GRP"/>
		<ColumnMap Node="DISC_GRP_MV,DISC_GRP_MS,@DISC_GRP" Column="DISC_GRP"/>
		<ColumnMap Node="EDG_MV,EDG_MS,@EDG" Column="EDG"/>
		<ColumnMap Node="EXEMPT#_MV,EXEMPT#_MS,@EXEMPT#" Column="EXEMPT#"/>
		<ColumnMap Node="EXEMPT-#_MV,EXEMPT-#_MS,@EXEMPT-#" Column="EXEMPT-#"/>
		<ColumnMap Node="EXEMPT__MV,EXEMPT__MS,@EXEMPT_" Column="EXEMPT_"/>
		<ColumnMap Node="EXEMPT___MV,EXEMPT___MS,@EXEMPT__" Column="EXEMPT__"/>
		<ColumnMap Node="F0_MV,F0_MS,@F0" Column="F0"/>
		<ColumnMap Node="F1_MV,F1_MS,@F1" Column="F1"/>
		<ColumnMap Node="F10_MV,F10_MS,@F10" Column="F10"/>
		<ColumnMap Node="F11_MV,F11_MS,@F11" Column="F11"/>
		<ColumnMap Node="F12_MV,F12_MS,@F12" Column="F12"/>
		<ColumnMap Node="F13_MV,F13_MS,@F13" Column="F13"/>
		<ColumnMap Node="F14_MV,F14_MS,@F14" Column="F14"/>
		<ColumnMap Node="F15_MV,F15_MS,@F15" Column="F15"/>
		<ColumnMap Node="F16_MV,F16_MS,@F16" Column="F16"/>
		<ColumnMap Node="F17_MV,F17_MS,@F17" Column="F17"/>
		<ColumnMap Node="F18_MV,F18_MS,@F18" Column="F18"/>
		<ColumnMap Node="F19_MV,F19_MS,@F19" Column="F19"/>
		<ColumnMap Node="F2_MV,F2_MS,@F2" Column="F2"/>
		<ColumnMap Node="F20_MV,F20_MS,@F20" Column="F20"/>
		<ColumnMap Node="F21_MV,F21_MS,@F21" Column="F21"/>
		<ColumnMap Node="F22_MV,F22_MS,@F22" Column="F22"/>
		<ColumnMap Node="F23_MV,F23_MS,@F23" Column="F23"/>
		<ColumnMap Node="F24_MV,F24_MS,@F24" Column="F24"/>
		<ColumnMap Node="F25_MV,F25_MS,@F25" Column="F25"/>
		<ColumnMap Node="F26_MV,F26_MS,@F26" Column="F26"/>
		<ColumnMap Node="F27_MV,F27_MS,@F27" Column="F27"/>
		<ColumnMap Node="F28_MV,F28_MS,@F28" Column="F28"/>
		<ColumnMap Node="F29_MV,F29_MS,@F29" Column="F29"/>
		<ColumnMap Node="F3_MV,F3_MS,@F3" Column="F3"/>
		<ColumnMap Node="F30_MV,F30_MS,@F30" Column="F30"/>
		<ColumnMap Node="F31_MV,F31_MS,@F31" Column="F31"/>
		<ColumnMap Node="F32_MV,F32_MS,@F32" Column="F32"/>
		<ColumnMap Node="F33_MV,F33_MS,@F33" Column="F33"/>
		<ColumnMap Node="F34_MV,F34_MS,@F34" Column="F34"/>
		<ColumnMap Node="F35_MV,F35_MS,@F35" Column="F35"/>
		<ColumnMap Node="F37_MV,F37_MS,@F37" Column="F37"/>
		<ColumnMap Node="F38_MV,F38_MS,@F38" Column="F38"/>
		<ColumnMap Node="F39_MV,F39_MS,@F39" Column="F39"/>
		<ColumnMap Node="F4_MV,F4_MS,@F4" Column="F4"/>
		<ColumnMap Node="F40_MV,F40_MS,@F40" Column="F40"/>
		<ColumnMap Node="F41_MV,F41_MS,@F41" Column="F41"/>
		<ColumnMap Node="F42_MV,F42_MS,@F42" Column="F42"/>
		<ColumnMap Node="F43_MV,F43_MS,@F43" Column="F43"/>
		<ColumnMap Node="F44_MV,F44_MS,@F44" Column="F44"/>
		<ColumnMap Node="F45_MV,F45_MS,@F45" Column="F45"/>
		<ColumnMap Node="F46_MV,F46_MS,@F46" Column="F46"/>
		<ColumnMap Node="F47_MV,F47_MS,@F47" Column="F47"/>
		<ColumnMap Node="F48_MV,F48_MS,@F48" Column="F48"/>
		<ColumnMap Node="F49_MV,F49_MS,@F49" Column="F49"/>
		<ColumnMap Node="F5_MV,F5_MS,@F5" Column="F5"/>
		<ColumnMap Node="F50_MV,F50_MS,@F50" Column="F50"/>
		<ColumnMap Node="F6_MV,F6_MS,@F6" Column="F6"/>
		<ColumnMap Node="F7_MV,F7_MS,@F7" Column="F7"/>
		<ColumnMap Node="F8_MV,F8_MS,@F8" Column="F8"/>
		<ColumnMap Node="F9_MV,F9_MS,@F9" Column="F9"/>
		<ColumnMap Node="HIGH-BAL_MV,HIGH-BAL_MS,@HIGH-BAL" Column="HIGH-BAL"/>
		<ColumnMap Node="HIGH-BAL-DATE_MV,HIGH-BAL-DATE_MS,@HIGH-BAL-DATE" Column="HIGH-BAL-DATE"/>
		<ColumnMap Node="HIGH_BAL_MV,HIGH_BAL_MS,@HIGH_BAL" Column="HIGH_BAL"/>
		<ColumnMap Node="HIGH_BAL_DATE_MV,HIGH_BAL_DATE_MS,@HIGH_BAL_DATE" Column="HIGH_BAL_DATE"/>
		<ColumnMap Node="INTERNAL-INSTR_MV,INTERNAL-INSTR_MS,@INTERNAL-INSTR" Column="INTERNAL-INSTR"/>
		<ColumnMap Node="INTERNAL_INSTR_MV,INTERNAL_INSTR_MS,@INTERNAL_INSTR" Column="INTERNAL_INSTR"/>
		<ColumnMap Node="INVOICE_MV,INVOICE_MS,@INVOICE" Column="INVOICE"/>
		<ColumnMap Node="JAMES1_MV,JAMES1_MS,@JAMES1" Column="JAMES1"/>
		<ColumnMap Node="JOB.BAL_MV,JOB.BAL_MS,@JOB.BAL" Column="JOB.BAL"/>
		<ColumnMap Node="KEY_MV,KEY_MS,@KEY" Column="KEY"/>
		<ColumnMap Node="LA-PMT_MV,LA-PMT_MS,@LA-PMT" Column="LA-PMT"/>
		<ColumnMap Node="LA-SALE_MV,LA-SALE_MS,@LA-SALE" Column="LA-SALE"/>
		<ColumnMap Node="LA_PMT_MV,LA_PMT_MS,@LA_PMT" Column="LA_PMT"/>
		<ColumnMap Node="LA_SALE_MV,LA_SALE_MS,@LA_SALE" Column="LA_SALE"/>
		<ColumnMap Node="@M37" Column="M37"/>
		<ColumnMap Node="M53_MV,M53_MS,@M53" Column="M53"/>
		<ColumnMap Node="M54_MV,M54_MS,@M54" Column="M54"/>
		<ColumnMap Node="MASTER-ACCOUNT_MV,MASTER-ACCOUNT_MS,@MASTER-ACCOUNT" Column="MASTER-ACCOUNT"/>
		<ColumnMap Node="MASTER.ACCT_MV,MASTER.ACCT_MS,@MASTER.ACCT" Column="MASTER.ACCT"/>
		<ColumnMap Node="MASTER_ACCOUNT_MV,MASTER_ACCOUNT_MS,@MASTER_ACCOUNT" Column="MASTER_ACCOUNT"/>
		<ColumnMap Node="MTD-FRT_MV,MTD-FRT_MS,@MTD-FRT" Column="MTD-FRT"/>
		<ColumnMap Node="MTD-GP_MV,MTD-GP_MS,@MTD-GP" Column="MTD-GP"/>
		<ColumnMap Node="MTD-LAYR_MV,MTD-LAYR_MS,@MTD-LAYR" Column="MTD-LAYR"/>
		<ColumnMap Node="MTD-RET_MV,MTD-RET_MS,@MTD-RET" Column="MTD-RET"/>
		<ColumnMap Node="MTD-SLS_MV,MTD-SLS_MS,@MTD-SLS" Column="MTD-SLS"/>
		<ColumnMap Node="MTD_FRT_MV,MTD_FRT_MS,@MTD_FRT" Column="MTD_FRT"/>
		<ColumnMap Node="MTD_GP_MV,MTD_GP_MS,@MTD_GP" Column="MTD_GP"/>
		<ColumnMap Node="MTD_LAYR_MV,MTD_LAYR_MS,@MTD_LAYR" Column="MTD_LAYR"/>
		<ColumnMap Node="MTD_RET_MV,MTD_RET_MS,@MTD_RET" Column="MTD_RET"/>
		<ColumnMap Node="MTD_SLS_MV,MTD_SLS_MS,@MTD_SLS" Column="MTD_SLS"/>
		<ColumnMap Node="MY-NAME_MV,MY-NAME_MS,@MY-NAME" Column="MY-NAME"/>
		<ColumnMap Node="MY_NAME_MV,MY_NAME_MS,@MY_NAME" Column="MY_NAME"/>
		<ColumnMap Node="NAME_MV,NAME_MS,@NAME" Column="NAME"/>
		<ColumnMap Node="ORD-BAL_MV,ORD-BAL_MS,@ORD-BAL" Column="ORD-BAL"/>
		<ColumnMap Node="ORDER_MV,ORDER_MS,@ORDER" Column="ORDER"/>
		<ColumnMap Node="PHONE_MV,PHONE_MS,@PHONE" Column="PHONE"/>
		<ColumnMap Node="PK/SLP-PRCG_MV,PK/SLP-PRCG_MS,@PK/SLP-PRCG" Column="PK/SLP-PRCG"/>
		<ColumnMap Node="PK/SLP-PRICING_MV,PK/SLP-PRICING_MS,@PK/SLP-PRICING" Column="PK/SLP-PRICING"/>
		<ColumnMap Node="PK_SLP_PRCG_MV,PK_SLP_PRCG_MS,@PK_SLP_PRCG" Column="PK_SLP_PRCG"/>
		<ColumnMap Node="PK_SLP_PRICING_MV,PK_SLP_PRICING_MS,@PK_SLP_PRICING" Column="PK_SLP_PRICING"/>
		<ColumnMap Node="PRICE-CODE_MV,PRICE-CODE_MS,@PRICE-CODE" Column="PRICE-CODE"/>
		<ColumnMap Node="PRICE-GROUP_MV,PRICE-GROUP_MS,@PRICE-GROUP" Column="PRICE-GROUP"/>
		<ColumnMap Node="PRICE_CODE_MV,PRICE_CODE_MS,@PRICE_CODE" Column="PRICE_CODE"/>
		<ColumnMap Node="PRICE_GROUP_MV,PRICE_GROUP_MS,@PRICE_GROUP" Column="PRICE_GROUP"/>
		<ColumnMap Node="PS-CDE_MV,PS-CDE_MS,@PS-CDE" Column="PS-CDE"/>
		<ColumnMap Node="PS_CDE_MV,PS_CDE_MS,@PS_CDE" Column="PS_CDE"/>
		<ColumnMap Node="S/CDE1_MV,S/CDE1_MS,@S/CDE1" Column="S/CDE1"/>
		<ColumnMap Node="S/CDE2_MV,S/CDE2_MS,@S/CDE2" Column="S/CDE2"/>
		<ColumnMap Node="SALES-FLAGS_MV,SALES-FLAGS_MS,@SALES-FLAGS" Column="SALES-FLAGS"/>
		<ColumnMap Node="SALESMAN_MV,SALESMAN_MS,@SALESMAN" Column="SALESMAN"/>
		<ColumnMap Node="SALES_FLAGS_MV,SALES_FLAGS_MS,@SALES_FLAGS" Column="SALES_FLAGS"/>
		<ColumnMap Node="SC%_MV,SC%_MS,@SC%" Column="SC%"/>
		<ColumnMap Node="SC__MV,SC__MS,@SC_" Column="SC_"/>
		<ColumnMap Node="SERV-CHG%_MV,SERV-CHG%_MS,@SERV-CHG%" Column="SERV-CHG%"/>
		<ColumnMap Node="SERV-CHG-%_MV,SERV-CHG-%_MS,@SERV-CHG-%" Column="SERV-CHG-%"/>
		<ColumnMap Node="SERV_CHG__MV,SERV_CHG__MS,@SERV_CHG_" Column="SERV_CHG_"/>
		<ColumnMap Node="SERV_CHG___MV,SERV_CHG___MS,@SERV_CHG__" Column="SERV_CHG__"/>
		<ColumnMap Node="SHIP-INSTR_MV,SHIP-INSTR_MS,@SHIP-INSTR" Column="SHIP-INSTR"/>
		<ColumnMap Node="SHIP-TO#S_MV,SHIP-TO#S_MS,@SHIP-TO#S" Column="SHIP-TO#S"/>
		<ColumnMap Node="SHIP-VIA_MV,SHIP-VIA_MS,@SHIP-VIA" Column="SHIP-VIA"/>
		<ColumnMap Node="SHIP_INSTR_MV,SHIP_INSTR_MS,@SHIP_INSTR" Column="SHIP_INSTR"/>
		<ColumnMap Node="SHIP_TO_S_MV,SHIP_TO_S_MS,@SHIP_TO_S" Column="SHIP_TO_S"/>
		<ColumnMap Node="SHIP_VIA_MV,SHIP_VIA_MS,@SHIP_VIA" Column="SHIP_VIA"/>
		<ColumnMap Node="SLS-CDE-2_MV,SLS-CDE-2_MS,@SLS-CDE-2" Column="SLS-CDE-2"/>
		<ColumnMap Node="SLS/CDE-1_MV,SLS/CDE-1_MS,@SLS/CDE-1" Column="SLS/CDE-1"/>
		<ColumnMap Node="SLS/CDE-2_MV,SLS/CDE-2_MS,@SLS/CDE-2" Column="SLS/CDE-2"/>
		<ColumnMap Node="SLSM_MV,SLSM_MS,@SLSM" Column="SLSM"/>
		<ColumnMap Node="SLS_CDE_1_MV,SLS_CDE_1_MS,@SLS_CDE_1" Column="SLS_CDE_1"/>
		<ColumnMap Node="SLS_CDE_2_MV,SLS_CDE_2_MS,@SLS_CDE_2" Column="SLS_CDE_2"/>
		<ColumnMap Node="SM_MV,SM_MS,@SM" Column="SM"/>
		<ColumnMap Node="SORT.NAME_MV,SORT.NAME_MS,@SORT.NAME" Column="SORT.NAME"/>
		<ColumnMap Node="ST-CDE_MV,ST-CDE_MS,@ST-CDE" Column="ST-CDE"/>
		<ColumnMap Node="START-DATE_MV,START-DATE_MS,@START-DATE" Column="START-DATE"/>
		<ColumnMap Node="START.DATE_MV,START.DATE_MS,@START.DATE" Column="START.DATE"/>
		<ColumnMap Node="START_DATE_MV,START_DATE_MS,@START_DATE" Column="START_DATE"/>
		<ColumnMap Node="STATEMENT-CODE_MV,STATEMENT-CODE_MS,@STATEMENT-CODE" Column="STATEMENT-CODE"/>
		<ColumnMap Node="STATEMENT_CODE_MV,STATEMENT_CODE_MS,@STATEMENT_CODE" Column="STATEMENT_CODE"/>
		<ColumnMap Node="STMT-CDE_MV,STMT-CDE_MS,@STMT-CDE" Column="STMT-CDE"/>
		<ColumnMap Node="STMT_CDE_MV,STMT_CDE_MS,@STMT_CDE" Column="STMT_CDE"/>
		<ColumnMap Node="ST_CDE_MV,ST_CDE_MS,@ST_CDE" Column="ST_CDE"/>
		<ColumnMap Node="SUBSTITUTE?_MV,SUBSTITUTE?_MS,@SUBSTITUTE?" Column="SUBSTITUTE?"/>
		<ColumnMap Node="SUBSTITUTES?_MV,SUBSTITUTES?_MS,@SUBSTITUTES?" Column="SUBSTITUTES?"/>
		<ColumnMap Node="S_CDE1_MV,S_CDE1_MS,@S_CDE1" Column="S_CDE1"/>
		<ColumnMap Node="S_CDE2_MV,S_CDE2_MS,@S_CDE2" Column="S_CDE2"/>
		<ColumnMap Node="TAX-JUR_MV,TAX-JUR_MS,@TAX-JUR" Column="TAX-JUR"/>
		<ColumnMap Node="TAXABLE?_MV,TAXABLE?_MS,@TAXABLE?" Column="TAXABLE?"/>
		<ColumnMap Node="TAXES_MV,TAXES_MS,@TAXES" Column="TAXES"/>
		<ColumnMap Node="TAX_JUR_MV,TAX_JUR_MS,@TAX_JUR" Column="TAX_JUR"/>
		<ColumnMap Node="TERMS_MV,TERMS_MS,@TERMS" Column="TERMS"/>
		<ColumnMap Node="TERMS-CODE_MV,TERMS-CODE_MS,@TERMS-CODE" Column="TERMS-CODE"/>
		<ColumnMap Node="TERMS_CODE_MV,TERMS_CODE_MS,@TERMS_CODE" Column="TERMS_CODE"/>
		<ColumnMap Node="TX-JUR_MV,TX-JUR_MS,@TX-JUR" Column="TX-JUR"/>
		<ColumnMap Node="TX-NUM_MV,TX-NUM_MS,@TX-NUM" Column="TX-NUM"/>
		<ColumnMap Node="TX?_MV,TX?_MS,@TX?" Column="TX?"/>
		<ColumnMap Node="TX_JUR_MV,TX_JUR_MS,@TX_JUR" Column="TX_JUR"/>
		<ColumnMap Node="TX_NUM_MV,TX_NUM_MS,@TX_NUM" Column="TX_NUM"/>
		<ColumnMap Node="TYPE_MV,TYPE_MS,@TYPE" Column="TYPE"/>
		<ColumnMap Node="VIA_MV,VIA_MS,@VIA" Column="VIA"/>
		<ColumnMap Node="WAREHOUSE_MV,WAREHOUSE_MS,@WAREHOUSE" Column="WAREHOUSE"/>
		<ColumnMap Node="WHSE_MV,WHSE_MS,@WHSE" Column="WHSE"/>
		<ColumnMap Node="YTD-FRT_MV,YTD-FRT_MS,@YTD-FRT" Column="YTD-FRT"/>
		<ColumnMap Node="YTD-GP_MV,YTD-GP_MS,@YTD-GP" Column="YTD-GP"/>
		<ColumnMap Node="YTD-LAYR_MV,YTD-LAYR_MS,@YTD-LAYR" Column="YTD-LAYR"/>
		<ColumnMap Node="YTD-RET_MV,YTD-RET_MS,@YTD-RET" Column="YTD-RET"/>
		<ColumnMap Node="YTD-SLS_MV,YTD-SLS_MS,@YTD-SLS" Column="YTD-SLS"/>
		<ColumnMap Node="YTD_FRT_MV,YTD_FRT_MS,@YTD_FRT" Column="YTD_FRT"/>
		<ColumnMap Node="YTD_GP_MV,YTD_GP_MS,@YTD_GP" Column="YTD_GP"/>
		<ColumnMap Node="YTD_LAYR_MV,YTD_LAYR_MS,@YTD_LAYR" Column="YTD_LAYR"/>
		<ColumnMap Node="YTD_RET_MV,YTD_RET_MS,@YTD_RET" Column="YTD_RET"/>
		<ColumnMap Node="YTD_SLS_MV,YTD_SLS_MS,@YTD_SLS" Column="YTD_SLS"/>
		<ColumnMap Node="ZIP_MV,ZIP_MS,@ZIP" Column="ZIP"/>
		<ColumnMap Node="ZIP-(TO-SORT)_MV,ZIP-(TO-SORT)_MS,@ZIP-(TO-SORT)" Column="ZIP-(TO-SORT)"/>
		<ColumnMap Node="ZIP_(TO_SORT)_MV,ZIP_(TO_SORT)_MS,@ZIP_(TO_SORT)" Column="ZIP_(TO_SORT)"/>
		<ColumnMap Node="_INV_COPIES_MV,_INV_COPIES_MS,@_INV_COPIES" Column="_INV_COPIES"/>
		<ColumnMap Node="__INVOICE_SETS_MV,__INVOICE_SETS_MS,@__INVOICE_SETS" Column="__INVOICE_SETS"/>
	</TABLECLASSMAP>

</U2XMAP>

