      SUBROUTINE ORD.INQ.RPT(CONO,ORDNO,PAGE.NO)
*COPY>CPYLIB>COM1
*COPY>JCS.CPYLIB>COM.JCS.LINK  
*COPY>ICS.CPYLIB>COM.INV.MAIN  
*COPY>ICS.CPYLIB>COM.INV.SERIAL
*COPY>JCS.CPYLIB>COM.INV.STATS 
*COPY>PMC.CPYLIB>COM.CUST
*COPY>OPS.CPYLIB>COM.ORDER
*COPY>ICS.CPYLIB>COM.INV.CNV
******************************************************
* REVISION    - [08.1]
* Copyright 1982 by Computer Business Associates (Vercom Software, Inc.)
* SYSTEM      - PRIMAC
* SOURCE      - OPSBP
* PROGRAM     - ORD.INQ.RPT
* BY          - JULIANNE RIVERA, VERCOM SOFTWARE, INC
* DATE        - 03/24/92
* DESCRIPTION - 
******************************************************
*COPY>PMC.CPYLIB>COMPANY
*COPY>PMC.CPYLIB>CUSTOMER
*COPY>OPS.CPYLIB>ORDER
*COPY>CPYLIB>GEN.XREF
*COPY>CPYLIB>SYSCOM
*COPY>CPYLIB>FILE.VARS
*COPY>CPYLIB>CHAR
*
*---- CALL FOR SYSCOM
*
      SYS.TYPE = 1
      CALL SYSCOM(MAT SYSCOM.REC)
*
*---- GET COMPANY
*
      MAT COMP.REC = ''
      CONO = ''
      CALL GET.CONO(CONO,MAT COMP.REC)
      IF CONO = 'END' THEN GOTO 99999
*
*---- DEFINE HEADINGS
*
      REPORT.NAME = "ORDER INQUIRY REPORT"
      REPORT.NUMBER = "XXXX"
      REPORT.DATE = DATE()
      HD1 = "" ; HD2 = ""
      CALL GET.PROG.HEAD(CONO,CO.NAME,REPORT.NAME,REPORT.NUMBER,REPORT.DATE,HD1,HD2)
*
*---- INITIALIZATION
*
      SP1 = SPACE(1)
      ERRMSG = ''
*
*---- MAIN PROCESSING
1000 *
P_X  = 0 ; P_Y = 23 ; P_VALUE = CHAR(12) ; P_OPT = ""
CALL VSI_PLINE(P_X,P_Y,P_VALUE,P_OPT)
      PAGE.NO = PAGE.NO + 1
P_X  = 0 ; P_Y = 23 ; P_VALUE = HD1:PAGE.NO ; P_OPT = ""
P_X  := AM:0 ; P_Y := AM:23 ; P_VALUE := AM:HD2
P_X  := AM:0 ; P_Y := AM:23 ; P_VALUE := AM:""
P_X  := AM:0 ; P_Y := AM:23 ; P_VALUE := AM:SPACE(10):"ORDER:":ORDNO
P_X  := AM:0 ; P_Y := AM:23 ; P_VALUE := AM:SPACE(10):"CUSTOMER:":ORD.CUST"L#10":SP1:CUST.NAME"L#30"
P_X  := AM:0 ; P_Y := AM:23 ; P_VALUE := AM:SPACE(10):"ADDRESS:":CUST.ADDR1"L#30"
P_X  := AM:0 ; P_Y := AM:23 ; P_VALUE := AM:SPACE(21):CUST.ADDR2"L#30"
P_X  := AM:0 ; P_Y := AM:23 ; P_VALUE := AM:SPACE(21):CUST.ADDR4"L#30":" ":CUST.ZIP"L#10"
CALL VSI_PLINE(P_X,P_Y,P_VALUE,P_OPT)
      GOTO 99999
91000 ERR.TYPE=1;CALL SYSCOM(MAT SYSCOM.REC);RETURN
* 91000 PRINT @(0,23) : CL : ERRMSG :; INPUT XX
*       PRINT @(0,23) : CL :
*       RETURN
93000 ERR.TYPE=3;CALL SYSCOM(MAT SYSCOM.REC)
* 93000 ERR.TYPE = 3; CALL SYSCOM(MAT SYSCOM.REC)
99999 *
      RETURN
      END
